SQL> 
SQL> /*
SQL>Databases Week 7 Applied Class Sample Solution
SQL>week7_schema_soln.sql
SQL>
SQL>Author: FIT Database Teaching Team
SQL>License: Copyright Monash University, unless otherwise stated. All Rights Reserved.
SQL>COPYRIGHT WARNING
SQL>Warning
SQL>This material is protected by copyright. For use within Monash University only. NOT FOR RESALE.
SQL>Do not remove this notice.
SQL>*/
SQL> 
SQL> -- 7.1
SQL> -- DDL for Student-Unit-Enrolment model (using ALTER TABLE)
SQL> --
SQL> 
SQL> --
SQL> -- Place DROP commands at head of schema file
SQL> --
SQL> 
SQL> DROP TABLE enrolment PURGE;

Error starting at line : 25 in command -
DROP TABLE enrolment PURGE
Error report -
ORA-00942: table or view does not exist
00942. 00000 -  "table or view does not exist"
*Cause:    
*Action:
SQL> 
SQL> DROP TABLE student PURGE;

Error starting at line : 27 in command -
DROP TABLE student PURGE
Error report -
ORA-00942: table or view does not exist
00942. 00000 -  "table or view does not exist"
*Cause:    
*Action:
SQL> 
SQL> DROP TABLE unit PURGE;

Error starting at line : 29 in command -
DROP TABLE unit PURGE
Error report -
ORA-00942: table or view does not exist
00942. 00000 -  "table or view does not exist"
*Cause:    
*Action:
SQL> 
SQL> -- Create Tables
SQL> -- Here using both table and column constraints
SQL> --
SQL> 
SQL> CREATE TABLE student (
  2      stu_nbr     NUMBER(8) NOT NULL,
  3      stu_lname   VARCHAR2(50) NOT NULL,
  4      stu_fname   VARCHAR2(50) NOT NULL,
  5      stu_dob     DATE NOT NULL
  6  );

Table STUDENT created.

SQL> 
SQL> COMMENT ON COLUMN student.stu_nbr IS
  2      'Student number';

Comment created.

SQL> 
SQL> COMMENT ON COLUMN student.stu_lname IS
  2      'Student last name';

Comment created.

SQL> 
SQL> COMMENT ON COLUMN student.stu_fname IS
  2      'Student first name';

Comment created.

SQL> 
SQL> COMMENT ON COLUMN student.stu_dob IS
  2      'Student date of birth';

Comment created.

SQL> 
SQL> ALTER TABLE student ADD CONSTRAINT student_pk PRIMARY KEY ( stu_nbr );

Table STUDENT altered.

SQL> 
SQL> ALTER TABLE student ADD CONSTRAINT ck_stu_nbr CHECK ( stu_nbr > 10000000 );

Table STUDENT altered.

SQL> 
SQL> CREATE TABLE unit (
  2      unit_code   CHAR(7) NOT NULL,
  3      unit_name   VARCHAR2(50) NOT NULL
  4  );

Table UNIT created.

SQL> 
SQL> COMMENT ON COLUMN unit.unit_code IS
  2      'Unit code';

Comment created.

SQL> 
SQL> COMMENT ON COLUMN unit.unit_name IS
  2      'Unit name';

Comment created.

SQL> 
SQL> ALTER TABLE unit ADD CONSTRAINT unit_pk PRIMARY KEY ( unit_code );

Table UNIT altered.

SQL> 
SQL> ALTER TABLE unit ADD CONSTRAINT uq_unit_name UNIQUE ( unit_name );

Table UNIT altered.

SQL> 
SQL> CREATE TABLE enrolment (
  2      stu_nbr          NUMBER(8) NOT NULL,
  3      unit_code        CHAR(7) NOT NULL,
  4      enrol_year       NUMBER(4) NOT NULL,
  5      enrol_semester   CHAR(1) NOT NULL,
  6      enrol_mark       NUMBER(3),
  7      enrol_grade      CHAR(3)
  8  );

Table ENROLMENT created.

SQL> 
SQL> COMMENT ON COLUMN enrolment.stu_nbr IS
  2      'Student number';

Comment created.

SQL> 
SQL> COMMENT ON COLUMN enrolment.unit_code IS
  2      'Unit code';

Comment created.

SQL> 
SQL> COMMENT ON COLUMN enrolment.enrol_year IS
  2      'Enrolment year';

Comment created.

SQL> 
SQL> COMMENT ON COLUMN enrolment.enrol_semester IS
  2      'Enrolment semester';

Comment created.

SQL> 
SQL> COMMENT ON COLUMN enrolment.enrol_mark IS
  2      'Enrolment mark (real)';

Comment created.

SQL> 
SQL> COMMENT ON COLUMN enrolment.enrol_grade IS
  2      'Enrolment grade (letter)';

Comment created.

SQL> 
SQL> ALTER TABLE enrolment
  2      ADD CONSTRAINT enrolment_pk PRIMARY KEY ( stu_nbr,
  3                                                unit_code,
  4                                                enrol_year,
  5                                                enrol_semester );

Table ENROLMENT altered.

SQL> 
SQL> ALTER TABLE enrolment
  2      ADD CONSTRAINT student_enrolment_fk FOREIGN KEY ( stu_nbr )
  3          REFERENCES student ( stu_nbr );

Table ENROLMENT altered.

SQL> 
SQL> ALTER TABLE enrolment
  2      ADD CONSTRAINT unit_enrolment_fk FOREIGN KEY ( unit_code )
  3          REFERENCES unit ( unit_code );

Table ENROLMENT altered.

SQL> 
SQL> ALTER TABLE enrolment
  2      ADD CONSTRAINT ck_enrol_sem CHECK ( enrol_semester IN (
  3          '1',
  4          '2',
  5          '3'
  6      ) );

Table ENROLMENT altered.

SQL> 
SQL> SPOOL OFF
